[
  {
    "__class__": "Rocket",
    "id": "5e9d0d95eda69955f709d1eb"
  },
  {
    "__class__": "Rocket",
    "id": "5e9d0d95eda69973a809d1ec"
  },
  {
    "__class__": "Rocket",
    "id": "5e9d0d95eda69974db09d1ed"
  },
  {
    "__class__": "Rocket",
    "id": "5e9d0d96eda699382d09d1ee"
  }
]