{
  "__class__": "Rocket",
  "id": "5e9d0d95eda69955f709d1eb",
  "title": "Falcon 1",
  "images": [
    "https://imgur.com/DaCfMsj.jpg",
    "https://imgur.com/azYafd8.jpg"
  ]
}